Starting project at C:\Users\mcwemyss\Documents\Sentinel-Ready-main
React Compiler enabled
Starting Metro Bundler
warning: Bundler cache is empty, rebuilding (this may take a minute)
Waiting on http://localhost:8086
Logs for your project will appear below.
Web node_modules\expo-router\entry.js ░░░░░░░░░░░░░░░░  0.0% (0/1)
λ node_modules\expo-router\node\render.js ░░░░░░░░░░░░░░░░  0.0% (0/1)
Web node_modules\expo-router\entry.js ▓▓▓▓▓░░░░░░░░░░░ 36.0% ( 8/21)
λ node_modules\expo-router\node\render.js ░░░░░░░░░░░░░░░░  4.4% ( 38/197)
Web node_modules\expo-router\entry.js ▓▓▓▓▓▓░░░░░░░░░░ 39.1% (31/75)
λ node_modules\expo-router\node\render.js ▓▓▓▓░░░░░░░░░░░░ 28.9% (230/428)
Web node_modules\expo-router\entry.js ▓▓▓▓▓▓░░░░░░░░░░ 39.1% (103/295)
λ node_modules\expo-router\node\render.js ▓▓▓▓▓▓▓▓░░░░░░░░ 56.2% (440/587)
Web node_modules\expo-router\entry.js ▓▓▓▓▓▓░░░░░░░░░░ 39.1% (186/360)
λ node_modules\expo-router\node\render.js ▓▓▓▓▓▓▓▓▓░░░░░░░ 62.4% (575/728)
Web node_modules\expo-router\entry.js ▓▓▓▓▓▓░░░░░░░░░░ 41.8% (324/501)
λ node_modules\expo-router\node\render.js ▓▓▓▓▓▓▓▓▓▓▓▓░░░░ 76.3% (753/862)
Web node_modules\expo-router\entry.js ▓▓▓▓▓▓▓░░░░░░░░░ 45.2% (408/607)
λ node_modules\expo-router\node\render.js ▓▓▓▓▓▓▓▓▓▓▓▓▓░░░ 82.0% ( 889/1008)
| Importing local resources in CSS is not supported yet. (node_modules\leaflet\dist\leaflet.css:359:24):
|   357 | 	}
|   358 | .leaflet-control-layers-toggle {
| > 359 | 	background-image: url(images/layers.png);
|       | 	                      ^
|   360 | 	width: 36px;
|   361 | 	height: 36px;
|   362 | 	}
| Importing local resources in CSS is not supported yet. (node_modules\leaflet\dist\leaflet.css:364:24):
|   362 | 	}
|   363 | .leaflet-retina .leaflet-control-layers-toggle {
| > 364 | 	background-image: url(images/layers-2x.png);
|       | 	                      ^
|   365 | 	background-size: 26px 26px;
|   366 | 	}
|   367 | .leaflet-touch .leaflet-control-layers-toggle {
| Importing local resources in CSS is not supported yet. (node_modules\leaflet\dist\leaflet.css:407:24):
|   405 | /* Default icon URLs */
|   406 | .leaflet-default-icon-path { /* used only in path-guessing heuristic, see L.Icon.Default */
| > 407 | 	background-image: url(images/marker-icon.png);
|       | 	                      ^
|   408 | 	}
|   409 |
|   410 |
| (node:41220) DeprecationWarning: Passing lineNumber and colNumber is deprecated to @babel/code-frame. Please use `codeFrameColumns`.
| (Use `node --trace-deprecation ...` to show where the warning was created)
Web node_modules\expo-router\entry.js ▓▓▓▓▓▓▓▓░░░░░░░░ 53.2% (496/707)
λ node_modules\expo-router\node\render.js ▓▓▓▓▓▓▓▓▓▓▓▓▓░░░ 82.0% ( 988/1131)
Web node_modules\expo-router\entry.js ▓▓▓▓▓▓▓▓▓░░░░░░░ 60.4% (656/844)
λ node_modules\expo-router\node\render.js ▓▓▓▓▓▓▓▓▓▓▓▓▓▓░░ 87.5% (1157/1242)
| Importing local resources in CSS is not supported yet. (node_modules\leaflet\dist\leaflet.css:359:24):
|   357 | 	}
|   358 | .leaflet-control-layers-toggle {
| > 359 | 	background-image: url(images/layers.png);
|       | 	                      ^
|   360 | 	width: 36px;
|   361 | 	height: 36px;
|   362 | 	}
| Importing local resources in CSS is not supported yet. (node_modules\leaflet\dist\leaflet.css:364:24):
|   362 | 	}
|   363 | .leaflet-retina .leaflet-control-layers-toggle {
| > 364 | 	background-image: url(images/layers-2x.png);
|       | 	                      ^
|   365 | 	background-size: 26px 26px;
|   366 | 	}
|   367 | .leaflet-touch .leaflet-control-layers-toggle {
| Importing local resources in CSS is not supported yet. (node_modules\leaflet\dist\leaflet.css:407:24):
|   405 | /* Default icon URLs */
|   406 | .leaflet-default-icon-path { /* used only in path-guessing heuristic, see L.Icon.Default */
| > 407 | 	background-image: url(images/marker-icon.png);
|       | 	                      ^
|   408 | 	}
|   409 |
|   410 |
Web node_modules\expo-router\entry.js ▓▓▓▓▓▓▓▓▓▓▓▓▓░░░ 85.4% ( 952/1030)
λ node_modules\expo-router\node\render.js ▓▓▓▓▓▓▓▓▓▓▓▓▓▓▓░ 97.7% (1377/1393)
Web node_modules\expo-router\entry.js ▓▓▓▓▓▓▓▓▓▓▓▓▓▓░░ 90.0% (1325/1397)
λ node_modules\expo-router\node\render.js ▓▓▓▓▓▓▓▓▓▓▓▓▓▓▓░ 98.5% (1413/1424)
λ Bundled 37778ms node_modules\expo-router\node\render.js (1429 modules)
